> Task :clean
> Task :compileJava
> Task :processResources
> Task :classes
> Task :compileTestJava
> Task :processTestResources NO-SOURCE
> Task :testClasses
OpenJDK 64-Bit Server VM warning: Sharing is only supported for boot loader classes because bootstrap classpath has been appended
> Task :test

2026-08-12T20:04:48.506-05:00  INFO [smart-code-review,] 59902 --- [smart-code-review] [ionShutdownHook] j.LocalContainerEntityManagerFactoryBean : Closing JPA EntityManagerFactory for persistence unit 'default'
2026-08-12T20:04:50.170-05:00  INFO [smart-code-review,] 59902 --- [smart-code-review] [ionShutdownHook] com.zaxxer.hikari.HikariDataSource       : HikariPool-1 - Shutdown initiated...
2026-08-12T20:04:50.183-05:00  INFO [smart-code-review,] 59902 --- [smart-code-review] [ionShutdownHook] com.zaxxer.hikari.HikariDataSource       : HikariPool-1 - Shutdown completed.
2026-08-12T20:04:50.212-05:00  INFO [smart-code-review,] 59902 --- [smart-code-review] [ionShutdownHook] j.LocalContainerEntityManagerFactoryBean : Closing JPA EntityManagerFactory for persistence unit 'default'
2026-08-12T20:04:50.217-05:00  INFO [smart-code-review,] 59902 --- [smart-code-review] [ionShutdownHook] com.zaxxer.hikari.HikariDataSource       : HikariPool-2 - Shutdown initiated...
2026-08-12T20:04:50.223-05:00  INFO [smart-code-review,] 59902 --- [smart-code-review] [ionShutdownHook] com.zaxxer.hikari.HikariDataSource       : HikariPool-2 - Shutdown completed.
2026-08-12T20:04:50.241-05:00  INFO [smart-code-review,] 59902 --- [smart-code-review] [ionShutdownHook] j.LocalContainerEntityManagerFactoryBean : Closing JPA EntityManagerFactory for persistence unit 'default'
2026-08-12T20:04:50.245-05:00  INFO [smart-code-review,] 59902 --- [smart-code-review] [ionShutdownHook] com.zaxxer.hikari.HikariDataSource       : HikariPool-3 - Shutdown initiated...
2026-08-12T20:04:50.250-05:00  INFO [smart-code-review,] 59902 --- [smart-code-review] [ionShutdownHook] com.zaxxer.hikari.HikariDataSource       : HikariPool-3 - Shutdown completed.

> Task :jacocoTestReport

BUILD SUCCESSFUL in 1m 42s
6 actionable tasks: 6 executed
Consider enabling configuration cache to speed up this build: https://docs.gradle.org/9.6.0/userguide/configuration_cache_enabling.html
> Task :compileJava UP-TO-DATE
> Task :processResources UP-TO-DATE
> Task :classes UP-TO-DATE
> Task :resolveMainClassName
> Task :bootJar
> Task :jar
> Task :assemble
> Task :compileTestJava UP-TO-DATE
> Task :processTestResources NO-SOURCE
> Task :testClasses UP-TO-DATE
> Task :test UP-TO-DATE
> Task :jacocoTestReport UP-TO-DATE
> Task :jacocoTestCoverageVerification
> Task :check
> Task :build

BUILD SUCCESSFUL in 13s
9 actionable tasks: 4 executed, 5 up-to-date
Consider enabling configuration cache to speed up this build: https://docs.gradle.org/9.6.0/userguide/configuration_cache_enabling.html
> Task :compileJava UP-TO-DATE
> Task :processResources UP-TO-DATE
> Task :classes UP-TO-DATE
> Task :compileTestJava UP-TO-DATE
> Task :processTestResources NO-SOURCE
> Task :testClasses UP-TO-DATE
> Task :test UP-TO-DATE
> Task :jacocoTestCoverageVerification UP-TO-DATE
> Task :jacocoTestReport UP-TO-DATE

BUILD SUCCESSFUL in 6s
6 actionable tasks: 6 up-to-date
Consider enabling configuration cache to speed up this build: https://docs.gradle.org/9.6.0/userguide/configuration_cache_enabling.html
